src/lib/jwt.ts(54,31): error TS2322: Type 'string' is not assignable to type 'number | StringValue | undefined'.
src/lib/jwt.ts(70,31): error TS2322: Type 'string' is not assignable to type 'number | StringValue | undefined'.
src/middleware/validate.ts(15,6): error TS2352: Conversion of type 'Request<ParamsDictionary, any, any, ParsedQs, Record<string, any>>' to type 'Record<string, unknown>' may be a mistake because neither type sufficiently overlaps with the other. If this was intentional, convert the expression to 'unknown' first.
  Index signature for type 'string' is missing in type 'Request<ParamsDictionary, any, any, ParsedQs, Record<string, any>>'.
src/routes/index.ts(3,31): error TS2307: Cannot find module './users' or its corresponding type declarations.
src/routes/journal.ts(15,43): error TS2352: Conversion of type 'ParsedQs' to type '{ page: number; pageSize: number; symbol?: string | undefined; session?: string | undefined; strategy?: string | undefined; from?: string | undefined; to?: string | undefined; }' may be a mistake because neither type sufficiently overlaps with the other. If this was intentional, convert the expression to 'unknown' first.
  Type 'ParsedQs' is missing the following properties from type '{ page: number; pageSize: number; symbol?: string | undefined; session?: string | undefined; strategy?: string | undefined; from?: string | undefined; to?: string | undefined; }': page, pageSize
src/routes/journal.ts(22,13): error TS2352: Conversion of type 'Request<{ tradeId: string; }, any, any, ParsedQs, Record<string, any>>' to type 'AuthRequest' may be a mistake because neither type sufficiently overlaps with the other. If this was intentional, convert the expression to 'unknown' first.
  Type 'Request<{ tradeId: string; }, any, any, ParsedQs, Record<string, any>>' is missing the following properties from type 'AuthRequest': userId, email, handle, roles, permissions
src/routes/journal.ts(28,13): error TS2352: Conversion of type 'Request<{ id: string; }, any, any, ParsedQs, Record<string, any>>' to type 'AuthRequest' may be a mistake because neither type sufficiently overlaps with the other. If this was intentional, convert the expression to 'unknown' first.
  Type 'Request<{ id: string; }, any, any, ParsedQs, Record<string, any>>' is missing the following properties from type 'AuthRequest': userId, email, handle, roles, permissions
src/routes/trade.ts(21,43): error TS2352: Conversion of type 'ParsedQs' to type '{ page: number; pageSize: number; symbol?: string | undefined; side?: "BUY" | "SELL" | undefined; from?: string | undefined; to?: string | undefined; }' may be a mistake because neither type sufficiently overlaps with the other. If this was intentional, convert the expression to 'unknown' first.
  Type 'ParsedQs' is missing the following properties from type '{ page: number; pageSize: number; symbol?: string | undefined; side?: "BUY" | "SELL" | undefined; from?: string | undefined; to?: string | undefined; }': page, pageSize
src/routes/trade.ts(27,13): error TS2352: Conversion of type 'Request<{ id: string; }, any, any, ParsedQs, Record<string, any>>' to type 'AuthRequest' may be a mistake because neither type sufficiently overlaps with the other. If this was intentional, convert the expression to 'unknown' first.
  Type 'Request<{ id: string; }, any, any, ParsedQs, Record<string, any>>' is missing the following properties from type 'AuthRequest': userId, email, handle, roles, permissions
src/routes/trade.ts(59,13): error TS2352: Conversion of type 'Request<{ id: string; }, any, any, ParsedQs, Record<string, any>>' to type 'AuthRequest' may be a mistake because neither type sufficiently overlaps with the other. If this was intentional, convert the expression to 'unknown' first.
  Type 'Request<{ id: string; }, any, any, ParsedQs, Record<string, any>>' is missing the following properties from type 'AuthRequest': userId, email, handle, roles, permissions
src/routes/watchlist.ts(21,13): error TS2352: Conversion of type 'Request<{ symbol: string; }, any, any, ParsedQs, Record<string, any>>' to type 'AuthRequest' may be a mistake because neither type sufficiently overlaps with the other. If this was intentional, convert the expression to 'unknown' first.
  Type 'Request<{ symbol: string; }, any, any, ParsedQs, Record<string, any>>' is missing the following properties from type 'AuthRequest': userId, email, handle, roles, permissions
src/routes/watchlist.ts(40,13): error TS2352: Conversion of type 'Request<{ symbol: string; }, any, any, ParsedQs, Record<string, any>>' to type 'AuthRequest' may be a mistake because neither type sufficiently overlaps with the other. If this was intentional, convert the expression to 'unknown' first.
  Type 'Request<{ symbol: string; }, any, any, ParsedQs, Record<string, any>>' is missing the following properties from type 'AuthRequest': userId, email, handle, roles, permissions
undefined
C:\Users\ACER\tcc-platform\apps\api:
 ERR_PNPM_RECURSIVE_EXEC_FIRST_FAIL  Command "tsc" not found
